/usr/local/lib/python3.12/dist-packages/torch/cuda/__init__.py:61: FutureWarning: The pynvml package is deprecated. Please install nvidia-ml-py instead. If you did not install pynvml directly, please report this to the maintainers of the package that installed pynvml for you.
  import pynvml  # type: ignore[import]
/usr/local/lib/python3.12/dist-packages/huggingface_hub/constants.py:277: FutureWarning: The `HF_HUB_ENABLE_HF_TRANSFER` environment variable is deprecated as 'hf_transfer' is not used anymore. Please use `HF_XET_HIGH_PERFORMANCE` instead to enable high performance transfer with Xet. Visit https://huggingface.co/docs/huggingface_hub/package_reference/environment_variables#hfxethighperformance for more details.
  warnings.warn(
max_running_requests_per_dp=3548
dp_size=1
skip_max_running_requests_threshold=3548
skip_token_capacity_threshold=1816896
======== Warmup Begin ========
Warmup with batch_size=[128]
#Input tokens: 131072
#Output tokens: 2048
batch size: 128
input_len: 1024
output_len: 16
latency: 4.66 s
input throughput: 30471.84 tok/s
output throughput: 5702.82 tok/s
last_ttft: 4.30 s
last generation throughput: 1885.09 tok/s
======== Warmup End   ========

#Input tokens: 262144
#Output tokens: 262144
batch size: 128
input_len: 2048
output_len: 2048
latency: 56.16 s
input throughput: 30245.17 tok/s
output throughput: 5519.68 tok/s
last_ttft: 8.67 s
last generation throughput: 5497.77 tok/s

Results are saved to /tmp/ep8nv_bench/bs128.jsonl

Input lens: [2048]. Output lens: [2048].
|   batch size |   input len |   latency (s) |   input throughput (tok/s) |   output throughput (tok/s) | acc length   |   ITL (ms) |   input cost ($/1M) |   output cost ($/1M) | cache hit rate   |
|--------------|-------------|---------------|----------------------------|-----------------------------|--------------|------------|---------------------|----------------------|------------------|
|          128 |        2048 |         56.16 |                    30245.2 |                     5519.68 | n/a          |      23.19 |                0.05 |                  0.2 | n/a              |

  [SANITY] bench_decode=5519.7  server_decode_median=5611.2 (max 5682.9, n=51)  diff=-1.6%  OK
           bench_prefill(input)=30245.2   (full server prefill/decode lines kept in the *.serverlog slice)
