/usr/local/lib/python3.12/dist-packages/torch/cuda/__init__.py:61: FutureWarning: The pynvml package is deprecated. Please install nvidia-ml-py instead. If you did not install pynvml directly, please report this to the maintainers of the package that installed pynvml for you.
  import pynvml  # type: ignore[import]
/usr/local/lib/python3.12/dist-packages/huggingface_hub/constants.py:277: FutureWarning: The `HF_HUB_ENABLE_HF_TRANSFER` environment variable is deprecated as 'hf_transfer' is not used anymore. Please use `HF_XET_HIGH_PERFORMANCE` instead to enable high performance transfer with Xet. Visit https://huggingface.co/docs/huggingface_hub/package_reference/environment_variables#hfxethighperformance for more details.
  warnings.warn(
max_running_requests_per_dp=3548
dp_size=1
skip_max_running_requests_threshold=3548
skip_token_capacity_threshold=1816896
======== Warmup Begin ========
Warmup with batch_size=[32]
#Input tokens: 32768
#Output tokens: 512
batch size: 32
input_len: 1024
output_len: 16
latency: 1.71 s
input throughput: 22530.11 tok/s
output throughput: 1998.35 tok/s
last_ttft: 1.45 s
last generation throughput: 1005.20 tok/s
======== Warmup End   ========

#Input tokens: 65536
#Output tokens: 65536
batch size: 32
input_len: 2048
output_len: 2048
latency: 37.30 s
input throughput: 26599.51 tok/s
output throughput: 1881.33 tok/s
last_ttft: 2.46 s
last generation throughput: 1885.09 tok/s

Results are saved to /tmp/ep8nv_bench/bs32.jsonl

Input lens: [2048]. Output lens: [2048].
|   batch size |   input len |   latency (s) |   input throughput (tok/s) |   output throughput (tok/s) | acc length   |   ITL (ms) |   input cost ($/1M) |   output cost ($/1M) | cache hit rate   |
|--------------|-------------|---------------|----------------------------|-----------------------------|--------------|------------|---------------------|----------------------|------------------|
|           32 |        2048 |          37.3 |                    26599.5 |                     1881.33 | n/a          |      17.01 |                0.06 |                 0.59 | n/a              |

  [SANITY] bench_decode=1881.3  server_decode_median=1889.1 (max 1900.5, n=51)  diff=-0.4%  OK
           bench_prefill(input)=26599.5   (full server prefill/decode lines kept in the *.serverlog slice)
