/usr/local/lib/python3.12/dist-packages/torch/cuda/__init__.py:61: FutureWarning: The pynvml package is deprecated. Please install nvidia-ml-py instead. If you did not install pynvml directly, please report this to the maintainers of the package that installed pynvml for you.
  import pynvml  # type: ignore[import]
/usr/local/lib/python3.12/dist-packages/huggingface_hub/constants.py:277: FutureWarning: The `HF_HUB_ENABLE_HF_TRANSFER` environment variable is deprecated as 'hf_transfer' is not used anymore. Please use `HF_XET_HIGH_PERFORMANCE` instead to enable high performance transfer with Xet. Visit https://huggingface.co/docs/huggingface_hub/package_reference/environment_variables#hfxethighperformance for more details.
  warnings.warn(
max_running_requests_per_dp=2380
dp_size=1
skip_max_running_requests_threshold=2380
skip_token_capacity_threshold=1218880
======== Warmup Begin ========
Warmup with batch_size=[128]
#Input tokens: 131072
#Output tokens: 2048
batch size: 128
input_len: 1024
output_len: 16
latency: 5.14 s
input throughput: 27530.05 tok/s
output throughput: 5455.88 tok/s
last_ttft: 4.76 s
last generation throughput: 3083.91 tok/s
======== Warmup End   ========

#Input tokens: 262144
#Output tokens: 262144
batch size: 128
input_len: 2048
output_len: 2048
latency: 59.09 s
input throughput: 29717.24 tok/s
output throughput: 5214.49 tok/s
last_ttft: 8.82 s
last generation throughput: 5201.59 tok/s

Results are saved to /tmp/kimi_reg/variant_ep8_pr21_all4envs/graph_on/bench/bs128.jsonl

Input lens: [2048]. Output lens: [2048].
|   batch size |   input len |   latency (s) |   input throughput (tok/s) |   output throughput (tok/s) | acc length   |   ITL (ms) |   input cost ($/1M) |   output cost ($/1M) | cache hit rate   |
|--------------|-------------|---------------|----------------------------|-----------------------------|--------------|------------|---------------------|----------------------|------------------|
|          128 |        2048 |         59.09 |                    29717.2 |                     5214.49 | n/a          |      24.55 |                0.05 |                 0.21 | n/a              |

