/usr/local/lib/python3.12/dist-packages/torch/cuda/__init__.py:61: FutureWarning: The pynvml package is deprecated. Please install nvidia-ml-py instead. If you did not install pynvml directly, please report this to the maintainers of the package that installed pynvml for you.
  import pynvml  # type: ignore[import]
/usr/local/lib/python3.12/dist-packages/huggingface_hub/constants.py:277: FutureWarning: The `HF_HUB_ENABLE_HF_TRANSFER` environment variable is deprecated as 'hf_transfer' is not used anymore. Please use `HF_XET_HIGH_PERFORMANCE` instead to enable high performance transfer with Xet. Visit https://huggingface.co/docs/huggingface_hub/package_reference/environment_variables#hfxethighperformance for more details.
  warnings.warn(
max_running_requests_per_dp=2380
dp_size=1
skip_max_running_requests_threshold=2380
skip_token_capacity_threshold=1218880
======== Warmup Begin ========
Warmup with batch_size=[64]
#Input tokens: 65536
#Output tokens: 1024
batch size: 64
input_len: 1024
output_len: 16
latency: 6.86 s
input throughput: 10021.22 tok/s
output throughput: 3247.32 tok/s
last_ttft: 6.54 s
last generation throughput: 52.60 tok/s
======== Warmup End   ========

#Input tokens: 131072
#Output tokens: 131072
batch size: 64
input_len: 2048
output_len: 2048
latency: 47.12 s
input throughput: 26688.20 tok/s
output throughput: 3105.57 tok/s
last_ttft: 4.91 s
last generation throughput: 3083.91 tok/s

Results are saved to /tmp/kimi_reg/variant_ep8_pr21_all4envs/graph_on/bench/bs64.jsonl

Input lens: [2048]. Output lens: [2048].
|   batch size |   input len |   latency (s) |   input throughput (tok/s) |   output throughput (tok/s) | acc length   |   ITL (ms) |   input cost ($/1M) |   output cost ($/1M) | cache hit rate   |
|--------------|-------------|---------------|----------------------------|-----------------------------|--------------|------------|---------------------|----------------------|------------------|
|           64 |        2048 |         47.12 |                    26688.2 |                     3105.57 | n/a          |      20.61 |                0.06 |                 0.36 | n/a              |

