/usr/local/lib/python3.12/dist-packages/torch/cuda/__init__.py:61: FutureWarning: The pynvml package is deprecated. Please install nvidia-ml-py instead. If you did not install pynvml directly, please report this to the maintainers of the package that installed pynvml for you.
  import pynvml  # type: ignore[import]
/usr/local/lib/python3.12/dist-packages/huggingface_hub/constants.py:277: FutureWarning: The `HF_HUB_ENABLE_HF_TRANSFER` environment variable is deprecated as 'hf_transfer' is not used anymore. Please use `HF_XET_HIGH_PERFORMANCE` instead to enable high performance transfer with Xet. Visit https://huggingface.co/docs/huggingface_hub/package_reference/environment_variables#hfxethighperformance for more details.
  warnings.warn(
max_running_requests_per_dp=4096
dp_size=1
skip_max_running_requests_threshold=4096
skip_token_capacity_threshold=2403392
======== Warmup Begin ========
Warmup with batch_size=[128]
#Input tokens: 131072
#Output tokens: 2048
batch size: 128
input_len: 1024
output_len: 16
latency: 2.33 s
input throughput: 65190.66 tok/s
output throughput: 6479.48 tok/s
last_ttft: 2.01 s
last generation throughput: 3538.73 tok/s
======== Warmup End   ========

#Input tokens: 262144
#Output tokens: 262144
batch size: 128
input_len: 2048
output_len: 2048
latency: 47.52 s
input throughput: 73757.66 tok/s
output throughput: 5962.05 tok/s
last_ttft: 3.55 s
last generation throughput: 5869.44 tok/s

Results are saved to /tmp/kimi_reg/base_ep8/graph_on/bench/bs128.jsonl

Input lens: [2048]. Output lens: [2048].
|   batch size |   input len |   latency (s) |   input throughput (tok/s) |   output throughput (tok/s) | acc length   |   ITL (ms) |   input cost ($/1M) |   output cost ($/1M) | cache hit rate   |
|--------------|-------------|---------------|----------------------------|-----------------------------|--------------|------------|---------------------|----------------------|------------------|
|          128 |        2048 |         47.52 |                    73757.7 |                     5962.05 | n/a          |      21.47 |                0.02 |                 0.19 | n/a              |

