/usr/local/lib/python3.12/dist-packages/torch/cuda/__init__.py:61: FutureWarning: The pynvml package is deprecated. Please install nvidia-ml-py instead. If you did not install pynvml directly, please report this to the maintainers of the package that installed pynvml for you.
  import pynvml  # type: ignore[import]
/usr/local/lib/python3.12/dist-packages/huggingface_hub/constants.py:277: FutureWarning: The `HF_HUB_ENABLE_HF_TRANSFER` environment variable is deprecated as 'hf_transfer' is not used anymore. Please use `HF_XET_HIGH_PERFORMANCE` instead to enable high performance transfer with Xet. Visit https://huggingface.co/docs/huggingface_hub/package_reference/environment_variables#hfxethighperformance for more details.
  warnings.warn(
max_running_requests_per_dp=2380
dp_size=1
skip_max_running_requests_threshold=2380
skip_token_capacity_threshold=1218944
======== Warmup Begin ========
Warmup with batch_size=[32]
#Input tokens: 32768
#Output tokens: 512
batch size: 32
input_len: 1024
output_len: 16
latency: 1.87 s
input throughput: 20503.40 tok/s
output throughput: 1905.49 tok/s
last_ttft: 1.60 s
last generation throughput: 953.07 tok/s
======== Warmup End   ========

#Input tokens: 65536
#Output tokens: 65536
batch size: 32
input_len: 2048
output_len: 2048
latency: 39.62 s
input throughput: 23005.06 tok/s
output throughput: 1782.49 tok/s
last_ttft: 2.85 s
last generation throughput: 1808.37 tok/s

Results are saved to /tmp/kimi_reg/variant_ep8_minimal_pr/graph_on/bench/bs32.jsonl

Input lens: [2048]. Output lens: [2048].
|   batch size |   input len |   latency (s) |   input throughput (tok/s) |   output throughput (tok/s) | acc length   |   ITL (ms) |   input cost ($/1M) |   output cost ($/1M) | cache hit rate   |
|--------------|-------------|---------------|----------------------------|-----------------------------|--------------|------------|---------------------|----------------------|------------------|
|           32 |        2048 |         39.62 |                    23005.1 |                     1782.49 | n/a          |      17.95 |                0.07 |                 0.62 | n/a              |

